Helm-Plugins

This Is incomplete excercise, Need to complete it later 


root@kunal-Lenovo-U410:/home/kunal/Helm-Study/mystarterchrt/myapp# helm plugin list
NAME	VERSION	DESCRIPTION

root@kunal-Lenovo-U410:/home/kunal/Helm-Study/mystarterchrt/myapp# helm plugin install https://github.com/salesforce/helm-starter.git
Installed plugin: starter
root@kunal-Lenovo-U410:/home/kunal/Helm-Study/mystarterchrt/myapp# helm plugin list
NAME   	VERSION	DESCRIPTION                                                       
starter	1.0.0  	This plugin fetches, lists, and deletes helm starters from github.
root@kunal-Lenovo-U410:/home/kunal/Helm-Study/mystarterchrt/myapp# 

root@kunal-Lenovo-U410:/home/kunal# helm env
HELM_BIN="helm"
HELM_BURST_LIMIT="100"
HELM_CACHE_HOME="/root/.cache/helm"
HELM_CONFIG_HOME="/root/.config/helm"
HELM_DATA_HOME="/root/.local/share/helm"
HELM_DEBUG="false"
HELM_KUBEAPISERVER=""
HELM_KUBEASGROUPS=""
HELM_KUBEASUSER=""
HELM_KUBECAFILE=""
HELM_KUBECONTEXT=""
HELM_KUBEINSECURE_SKIP_TLS_VERIFY="false"
HELM_KUBETLS_SERVER_NAME=""
HELM_KUBETOKEN=""
HELM_MAX_HISTORY="10"
HELM_NAMESPACE="default"
HELM_PLUGINS="/root/.local/share/helm/plugins"                                                        #####################
HELM_REGISTRY_CONFIG="/root/.config/helm/registry/config.json"
HELM_REPOSITORY_CACHE="/root/.cache/helm/repository"
HELM_REPOSITORY_CONFIG="/root/.config/helm/repositories.yaml"
root@kunal-Lenovo-U410:/home/kunal# 

#########################################################################################
root@kunal-Lenovo-U410:/home/kunal# helm plugin list
NAME   	VERSION	DESCRIPTION                                                       
starter	1.0.0  	This plugin fetches, lists, and deletes helm starters from github.
root@kunal-Lenovo-U410:/home/kunal# helm starter list
NAME                   VERSION   
helm-starter-istio     47604b2   
fatal: Not a valid object name HEAD
Error: plugin "starter" exited with error
root@kunal-Lenovo-U410:/home/kunal# 


###########################################UPdating plugin ##############################
root@kunal-Lenovo-U410:/home/kunal# helm plugin update starter
Updated plugin: starter
root@kunal-Lenovo-U410:/home/kunal# helm starter list
NAME                   VERSION   
helm-starter-istio     47604b2   
fatal: Not a valid object name HEAD
Error: plugin "starter" exited with error
root@kunal-Lenovo-U410:/home/kunal# 


oot@kunal-Lenovo-U410:/home/kunal# helm plugin list
NAME     	VERSION	DESCRIPTION                                                       
dashboard	2.0.3  	View HELM situation in nice web UI                                
starter  	1.0.0  	This plugin fetches, lists, and deletes helm starters from github.
root@kunal-Lenovo-U410:/home/kunal# 

